INFO [2025-05-20 18:15:05] $x
INFO [2025-05-20 18:15:05] list(rownames(MGS_COG), rownames(p2_COG))
INFO [2025-05-20 18:15:05] 
INFO [2025-05-20 18:15:05] $category.names
INFO [2025-05-20 18:15:05] c("MGS", "PICRUSt2")
INFO [2025-05-20 18:15:05] 
INFO [2025-05-20 18:15:05] $filename
INFO [2025-05-20 18:15:05] [1] "COG_venn_diagramm.png"
INFO [2025-05-20 18:15:05] 
INFO [2025-05-20 18:15:05] $output
INFO [2025-05-20 18:15:05] [1] TRUE
INFO [2025-05-20 18:15:05] 
INFO [2025-05-20 18:15:05] $imagetype
INFO [2025-05-20 18:15:05] [1] "png"
INFO [2025-05-20 18:15:05] 
INFO [2025-05-20 18:15:05] $print.mode
INFO [2025-05-20 18:15:05] [1] "percent"
INFO [2025-05-20 18:15:05] 
INFO [2025-05-20 18:15:05] $lwd
INFO [2025-05-20 18:15:05] [1] 2
INFO [2025-05-20 18:15:05] 
INFO [2025-05-20 18:15:05] $lty
INFO [2025-05-20 18:15:05] [1] "blank"
INFO [2025-05-20 18:15:05] 
INFO [2025-05-20 18:15:05] $fill
INFO [2025-05-20 18:15:05] c("cornflowerblue", "pink")
INFO [2025-05-20 18:15:05] 
INFO [2025-05-20 18:15:05] $cat.fontface
INFO [2025-05-20 18:15:05] [1] "bold"
INFO [2025-05-20 18:15:05] 
INFO [2025-05-20 18:15:05] $cat.default.pos
INFO [2025-05-20 18:15:05] [1] "outer"
INFO [2025-05-20 18:15:05] 
INFO [2025-05-20 18:15:05] $cat.fontfamily
INFO [2025-05-20 18:15:05] [1] "sans"
INFO [2025-05-20 18:15:05] 
INFO [2025-05-20 18:15:05] [[13]]
INFO [2025-05-20 18:15:05] 
INFO [2025-05-20 18:15:05] 
