INFO [2025-05-20 18:07:01] $x
INFO [2025-05-20 18:07:01] list(rownames(MGS_COG), rownames(p2_COG))
INFO [2025-05-20 18:07:01] 
INFO [2025-05-20 18:07:01] $category.names
INFO [2025-05-20 18:07:01] c("MGS", "PICRUSt2")
INFO [2025-05-20 18:07:01] 
INFO [2025-05-20 18:07:01] $filename
INFO [2025-05-20 18:07:01] [1] "COG_venn_diagramm.png"
INFO [2025-05-20 18:07:01] 
INFO [2025-05-20 18:07:01] $output
INFO [2025-05-20 18:07:01] [1] TRUE
INFO [2025-05-20 18:07:01] 
INFO [2025-05-20 18:07:01] $imagetype
INFO [2025-05-20 18:07:01] [1] "png"
INFO [2025-05-20 18:07:01] 
INFO [2025-05-20 18:07:01] $lwd
INFO [2025-05-20 18:07:01] [1] 2
INFO [2025-05-20 18:07:01] 
INFO [2025-05-20 18:07:01] $lty
INFO [2025-05-20 18:07:01] [1] "blank"
INFO [2025-05-20 18:07:01] 
INFO [2025-05-20 18:07:01] $fill
INFO [2025-05-20 18:07:01] c("cornflowerblue", "pink")
INFO [2025-05-20 18:07:01] 
INFO [2025-05-20 18:07:01] $cat.fontface
INFO [2025-05-20 18:07:01] [1] "bold"
INFO [2025-05-20 18:07:01] 
INFO [2025-05-20 18:07:01] $cat.default.pos
INFO [2025-05-20 18:07:01] [1] "outer"
INFO [2025-05-20 18:07:01] 
INFO [2025-05-20 18:07:01] $cat.fontfamily
INFO [2025-05-20 18:07:01] [1] "sans"
INFO [2025-05-20 18:07:01] 
INFO [2025-05-20 18:07:01] [[12]]
INFO [2025-05-20 18:07:01] 
INFO [2025-05-20 18:07:01] 
