INFO [2025-05-20 17:48:23] $x
INFO [2025-05-20 17:48:23] list(rownames(MGS_EC), rownames(p2_EC))
INFO [2025-05-20 17:48:23] 
INFO [2025-05-20 17:48:23] $category.names
INFO [2025-05-20 17:48:23] c("MGS", "PICRUSt2")
INFO [2025-05-20 17:48:23] 
INFO [2025-05-20 17:48:23] $filename
INFO [2025-05-20 17:48:23] [1] "EC_venn_diagramm.png"
INFO [2025-05-20 17:48:23] 
INFO [2025-05-20 17:48:23] $output
INFO [2025-05-20 17:48:23] [1] TRUE
INFO [2025-05-20 17:48:23] 
INFO [2025-05-20 17:48:23] $imagetype
INFO [2025-05-20 17:48:23] [1] "png"
INFO [2025-05-20 17:48:23] 
INFO [2025-05-20 17:48:23] $lwd
INFO [2025-05-20 17:48:23] [1] 2
INFO [2025-05-20 17:48:23] 
INFO [2025-05-20 17:48:23] $lty
INFO [2025-05-20 17:48:23] [1] "blank"
INFO [2025-05-20 17:48:23] 
INFO [2025-05-20 17:48:23] $fill
INFO [2025-05-20 17:48:23] c("cornflowerblue", "pink")
INFO [2025-05-20 17:48:23] 
INFO [2025-05-20 17:48:23] $cat.fontface
INFO [2025-05-20 17:48:23] [1] "bold"
INFO [2025-05-20 17:48:23] 
INFO [2025-05-20 17:48:23] $cat.default.pos
INFO [2025-05-20 17:48:23] [1] "outer"
INFO [2025-05-20 17:48:23] 
INFO [2025-05-20 17:48:23] $cat.fontfamily
INFO [2025-05-20 17:48:23] [1] "sans"
INFO [2025-05-20 17:48:23] 
INFO [2025-05-20 17:48:23] [[12]]
INFO [2025-05-20 17:48:23] 
INFO [2025-05-20 17:48:23] 
