INFO [2025-05-20 18:15:03] $x
INFO [2025-05-20 18:15:03] list(rownames(MGS_EC), rownames(p2_EC))
INFO [2025-05-20 18:15:03] 
INFO [2025-05-20 18:15:03] $category.names
INFO [2025-05-20 18:15:03] c("MGS", "PICRUSt2")
INFO [2025-05-20 18:15:03] 
INFO [2025-05-20 18:15:03] $filename
INFO [2025-05-20 18:15:03] [1] "EC_venn_diagramm.png"
INFO [2025-05-20 18:15:03] 
INFO [2025-05-20 18:15:03] $output
INFO [2025-05-20 18:15:03] [1] TRUE
INFO [2025-05-20 18:15:03] 
INFO [2025-05-20 18:15:03] $imagetype
INFO [2025-05-20 18:15:03] [1] "png"
INFO [2025-05-20 18:15:03] 
INFO [2025-05-20 18:15:03] $print.mode
INFO [2025-05-20 18:15:03] [1] "percent"
INFO [2025-05-20 18:15:03] 
INFO [2025-05-20 18:15:03] $lwd
INFO [2025-05-20 18:15:03] [1] 2
INFO [2025-05-20 18:15:03] 
INFO [2025-05-20 18:15:03] $lty
INFO [2025-05-20 18:15:03] [1] "blank"
INFO [2025-05-20 18:15:03] 
INFO [2025-05-20 18:15:03] $fill
INFO [2025-05-20 18:15:03] c("cornflowerblue", "pink")
INFO [2025-05-20 18:15:03] 
INFO [2025-05-20 18:15:03] $cat.fontface
INFO [2025-05-20 18:15:03] [1] "bold"
INFO [2025-05-20 18:15:03] 
INFO [2025-05-20 18:15:03] $cat.default.pos
INFO [2025-05-20 18:15:03] [1] "outer"
INFO [2025-05-20 18:15:03] 
INFO [2025-05-20 18:15:03] $cat.fontfamily
INFO [2025-05-20 18:15:03] [1] "sans"
INFO [2025-05-20 18:15:03] 
INFO [2025-05-20 18:15:03] [[13]]
INFO [2025-05-20 18:15:03] 
INFO [2025-05-20 18:15:03] 
